leftImg8bit/val/fog_GOPR0476_000761_leftImg8bit.png gtFine/val/fog_GOPR0476_000761_gtFine_labelTrainIds.png
leftImg8bit/val/fog_GOPR0476_000769_leftImg8bit.png gtFine/val/fog_GOPR0476_000769_gtFine_labelTrainIds.png
leftImg8bit/val/fog_GOPR0476_000775_leftImg8bit.png gtFine/val/fog_GOPR0476_000775_gtFine_labelTrainIds.png
leftImg8bit/val/fog_GOPR0476_000781_leftImg8bit.png gtFine/val/fog_GOPR0476_000781_gtFine_labelTrainIds.png
leftImg8bit/val/fog_GOPR0476_000788_leftImg8bit.png gtFine/val/fog_GOPR0476_000788_gtFine_labelTrainIds.png
leftImg8bit/val/fog_GOPR0476_000798_leftImg8bit.png gtFine/val/fog_GOPR0476_000798_gtFine_labelTrainIds.png
leftImg8bit/val/fog_GOPR0476_000826_leftImg8bit.png gtFine/val/fog_GOPR0476_000826_gtFine_labelTrainIds.png
leftImg8bit/val/fog_GOPR0476_000834_leftImg8bit.png gtFine/val/fog_GOPR0476_000834_gtFine_labelTrainIds.png
leftImg8bit/val/fog_GOPR0476_000840_leftImg8bit.png gtFine/val/fog_GOPR0476_000840_gtFine_labelTrainIds.png
leftImg8bit/val/fog_GOPR0476_000845_leftImg8bit.png gtFine/val/fog_GOPR0476_000845_gtFine_labelTrainIds.png
leftImg8bit/val/fog_GOPR0476_000850_leftImg8bit.png gtFine/val/fog_GOPR0476_000850_gtFine_labelTrainIds.png
leftImg8bit/val/fog_GOPR0476_000854_leftImg8bit.png gtFine/val/fog_GOPR0476_000854_gtFine_labelTrainIds.png
leftImg8bit/val/fog_GOPR0476_000859_leftImg8bit.png gtFine/val/fog_GOPR0476_000859_gtFine_labelTrainIds.png
leftImg8bit/val/fog_GOPR0476_000864_leftImg8bit.png gtFine/val/fog_GOPR0476_000864_gtFine_labelTrainIds.png
leftImg8bit/val/fog_GOPR0476_000869_leftImg8bit.png gtFine/val/fog_GOPR0476_000869_gtFine_labelTrainIds.png
leftImg8bit/val/fog_GOPR0476_000874_leftImg8bit.png gtFine/val/fog_GOPR0476_000874_gtFine_labelTrainIds.png
leftImg8bit/val/fog_GOPR0476_000879_leftImg8bit.png gtFine/val/fog_GOPR0476_000879_gtFine_labelTrainIds.png
leftImg8bit/val/fog_GOPR0476_000884_leftImg8bit.png gtFine/val/fog_GOPR0476_000884_gtFine_labelTrainIds.png
leftImg8bit/val/fog_GOPR0476_000889_leftImg8bit.png gtFine/val/fog_GOPR0476_000889_gtFine_labelTrainIds.png
leftImg8bit/val/fog_GOPR0476_000894_leftImg8bit.png gtFine/val/fog_GOPR0476_000894_gtFine_labelTrainIds.png
leftImg8bit/val/fog_GOPR0476_000899_leftImg8bit.png gtFine/val/fog_GOPR0476_000899_gtFine_labelTrainIds.png
leftImg8bit/val/fog_GOPR0476_000904_leftImg8bit.png gtFine/val/fog_GOPR0476_000904_gtFine_labelTrainIds.png
leftImg8bit/val/fog_GOPR0476_000910_leftImg8bit.png gtFine/val/fog_GOPR0476_000910_gtFine_labelTrainIds.png
leftImg8bit/val/fog_GOPR0476_000916_leftImg8bit.png gtFine/val/fog_GOPR0476_000916_gtFine_labelTrainIds.png
leftImg8bit/val/fog_GOPR0476_000921_leftImg8bit.png gtFine/val/fog_GOPR0476_000921_gtFine_labelTrainIds.png
leftImg8bit/val/fog_GOPR0476_000926_leftImg8bit.png gtFine/val/fog_GOPR0476_000926_gtFine_labelTrainIds.png
leftImg8bit/val/fog_GOPR0476_000931_leftImg8bit.png gtFine/val/fog_GOPR0476_000931_gtFine_labelTrainIds.png
leftImg8bit/val/fog_GOPR0476_000935_leftImg8bit.png gtFine/val/fog_GOPR0476_000935_gtFine_labelTrainIds.png
leftImg8bit/val/fog_GOPR0476_000940_leftImg8bit.png gtFine/val/fog_GOPR0476_000940_gtFine_labelTrainIds.png
leftImg8bit/val/fog_GOPR0476_000944_leftImg8bit.png gtFine/val/fog_GOPR0476_000944_gtFine_labelTrainIds.png
leftImg8bit/val/fog_GOPR0476_000948_leftImg8bit.png gtFine/val/fog_GOPR0476_000948_gtFine_labelTrainIds.png
leftImg8bit/val/fog_GOPR0476_000952_leftImg8bit.png gtFine/val/fog_GOPR0476_000952_gtFine_labelTrainIds.png
leftImg8bit/val/fog_GOPR0476_000957_leftImg8bit.png gtFine/val/fog_GOPR0476_000957_gtFine_labelTrainIds.png
leftImg8bit/val/fog_GOPR0476_000962_leftImg8bit.png gtFine/val/fog_GOPR0476_000962_gtFine_labelTrainIds.png
leftImg8bit/val/fog_GOPR0476_000982_leftImg8bit.png gtFine/val/fog_GOPR0476_000982_gtFine_labelTrainIds.png
leftImg8bit/val/fog_GOPR0476_001002_leftImg8bit.png gtFine/val/fog_GOPR0476_001002_gtFine_labelTrainIds.png
leftImg8bit/val/fog_GOPR0476_001007_leftImg8bit.png gtFine/val/fog_GOPR0476_001007_gtFine_labelTrainIds.png
leftImg8bit/val/fog_GOPR0476_001011_leftImg8bit.png gtFine/val/fog_GOPR0476_001011_gtFine_labelTrainIds.png
leftImg8bit/val/fog_GOPR0476_001015_leftImg8bit.png gtFine/val/fog_GOPR0476_001015_gtFine_labelTrainIds.png
leftImg8bit/val/fog_GOPR0476_001019_leftImg8bit.png gtFine/val/fog_GOPR0476_001019_gtFine_labelTrainIds.png
leftImg8bit/val/fog_GOPR0476_001024_leftImg8bit.png gtFine/val/fog_GOPR0476_001024_gtFine_labelTrainIds.png
leftImg8bit/val/fog_GOPR0476_001029_leftImg8bit.png gtFine/val/fog_GOPR0476_001029_gtFine_labelTrainIds.png
leftImg8bit/val/fog_GOPR0476_001033_leftImg8bit.png gtFine/val/fog_GOPR0476_001033_gtFine_labelTrainIds.png
leftImg8bit/val/fog_GOPR0476_001039_leftImg8bit.png gtFine/val/fog_GOPR0476_001039_gtFine_labelTrainIds.png
leftImg8bit/val/fog_GOPR0476_001055_leftImg8bit.png gtFine/val/fog_GOPR0476_001055_gtFine_labelTrainIds.png
leftImg8bit/val/fog_GOPR0476_001060_leftImg8bit.png gtFine/val/fog_GOPR0476_001060_gtFine_labelTrainIds.png
leftImg8bit/val/fog_GP010476_000001_leftImg8bit.png gtFine/val/fog_GP010476_000001_gtFine_labelTrainIds.png
leftImg8bit/val/fog_GP010476_000006_leftImg8bit.png gtFine/val/fog_GP010476_000006_gtFine_labelTrainIds.png
leftImg8bit/val/fog_GP010476_000010_leftImg8bit.png gtFine/val/fog_GP010476_000010_gtFine_labelTrainIds.png
leftImg8bit/val/fog_GP010476_000014_leftImg8bit.png gtFine/val/fog_GP010476_000014_gtFine_labelTrainIds.png
leftImg8bit/val/fog_GP010476_000018_leftImg8bit.png gtFine/val/fog_GP010476_000018_gtFine_labelTrainIds.png
leftImg8bit/val/fog_GP010476_000022_leftImg8bit.png gtFine/val/fog_GP010476_000022_gtFine_labelTrainIds.png
leftImg8bit/val/fog_GP010476_000026_leftImg8bit.png gtFine/val/fog_GP010476_000026_gtFine_labelTrainIds.png
leftImg8bit/val/fog_GP010476_000031_leftImg8bit.png gtFine/val/fog_GP010476_000031_gtFine_labelTrainIds.png
leftImg8bit/val/fog_GP010476_000051_leftImg8bit.png gtFine/val/fog_GP010476_000051_gtFine_labelTrainIds.png
leftImg8bit/val/fog_GP010476_000058_leftImg8bit.png gtFine/val/fog_GP010476_000058_gtFine_labelTrainIds.png
leftImg8bit/val/fog_GP010476_000063_leftImg8bit.png gtFine/val/fog_GP010476_000063_gtFine_labelTrainIds.png
leftImg8bit/val/fog_GP010476_000068_leftImg8bit.png gtFine/val/fog_GP010476_000068_gtFine_labelTrainIds.png
leftImg8bit/val/fog_GP010476_000073_leftImg8bit.png gtFine/val/fog_GP010476_000073_gtFine_labelTrainIds.png
leftImg8bit/val/fog_GP010476_000078_leftImg8bit.png gtFine/val/fog_GP010476_000078_gtFine_labelTrainIds.png
leftImg8bit/val/fog_GP010476_000084_leftImg8bit.png gtFine/val/fog_GP010476_000084_gtFine_labelTrainIds.png
leftImg8bit/val/fog_GP010476_000095_leftImg8bit.png gtFine/val/fog_GP010476_000095_gtFine_labelTrainIds.png
leftImg8bit/val/fog_GP010476_000102_leftImg8bit.png gtFine/val/fog_GP010476_000102_gtFine_labelTrainIds.png
leftImg8bit/val/fog_GP010476_000108_leftImg8bit.png gtFine/val/fog_GP010476_000108_gtFine_labelTrainIds.png
leftImg8bit/val/fog_GP010476_000114_leftImg8bit.png gtFine/val/fog_GP010476_000114_gtFine_labelTrainIds.png
leftImg8bit/val/fog_GP010476_000120_leftImg8bit.png gtFine/val/fog_GP010476_000120_gtFine_labelTrainIds.png
leftImg8bit/val/fog_GP010476_000125_leftImg8bit.png gtFine/val/fog_GP010476_000125_gtFine_labelTrainIds.png
leftImg8bit/val/fog_GP010476_000131_leftImg8bit.png gtFine/val/fog_GP010476_000131_gtFine_labelTrainIds.png
leftImg8bit/val/fog_GP010476_000137_leftImg8bit.png gtFine/val/fog_GP010476_000137_gtFine_labelTrainIds.png
leftImg8bit/val/fog_GP010476_000142_leftImg8bit.png gtFine/val/fog_GP010476_000142_gtFine_labelTrainIds.png
leftImg8bit/val/fog_GP010476_000147_leftImg8bit.png gtFine/val/fog_GP010476_000147_gtFine_labelTrainIds.png
leftImg8bit/val/fog_GP010476_000161_leftImg8bit.png gtFine/val/fog_GP010476_000161_gtFine_labelTrainIds.png
leftImg8bit/val/fog_GP010476_000181_leftImg8bit.png gtFine/val/fog_GP010476_000181_gtFine_labelTrainIds.png
leftImg8bit/val/fog_GP010476_000194_leftImg8bit.png gtFine/val/fog_GP010476_000194_gtFine_labelTrainIds.png
leftImg8bit/val/fog_GP010476_000199_leftImg8bit.png gtFine/val/fog_GP010476_000199_gtFine_labelTrainIds.png
leftImg8bit/val/fog_GP010476_000204_leftImg8bit.png gtFine/val/fog_GP010476_000204_gtFine_labelTrainIds.png
leftImg8bit/val/fog_GP010476_000242_leftImg8bit.png gtFine/val/fog_GP010476_000242_gtFine_labelTrainIds.png
leftImg8bit/val/fog_GP010476_000255_leftImg8bit.png gtFine/val/fog_GP010476_000255_gtFine_labelTrainIds.png
leftImg8bit/val/fog_GP020475_000054_leftImg8bit.png gtFine/val/fog_GP020475_000054_gtFine_labelTrainIds.png
leftImg8bit/val/fog_GP020475_000061_leftImg8bit.png gtFine/val/fog_GP020475_000061_gtFine_labelTrainIds.png
leftImg8bit/val/fog_GP020475_000081_leftImg8bit.png gtFine/val/fog_GP020475_000081_gtFine_labelTrainIds.png
leftImg8bit/val/fog_GP020475_000088_leftImg8bit.png gtFine/val/fog_GP020475_000088_gtFine_labelTrainIds.png
leftImg8bit/val/fog_GP020475_000094_leftImg8bit.png gtFine/val/fog_GP020475_000094_gtFine_labelTrainIds.png
leftImg8bit/val/fog_GP020475_000100_leftImg8bit.png gtFine/val/fog_GP020475_000100_gtFine_labelTrainIds.png
leftImg8bit/val/fog_GP020475_000109_leftImg8bit.png gtFine/val/fog_GP020475_000109_gtFine_labelTrainIds.png
leftImg8bit/val/fog_GP020475_000119_leftImg8bit.png gtFine/val/fog_GP020475_000119_gtFine_labelTrainIds.png
leftImg8bit/val/fog_GP020475_000125_leftImg8bit.png gtFine/val/fog_GP020475_000125_gtFine_labelTrainIds.png
leftImg8bit/val/fog_GP020475_000130_leftImg8bit.png gtFine/val/fog_GP020475_000130_gtFine_labelTrainIds.png
leftImg8bit/val/fog_GP020475_000135_leftImg8bit.png gtFine/val/fog_GP020475_000135_gtFine_labelTrainIds.png
leftImg8bit/val/fog_GP020475_000140_leftImg8bit.png gtFine/val/fog_GP020475_000140_gtFine_labelTrainIds.png
leftImg8bit/val/fog_GP020475_000160_leftImg8bit.png gtFine/val/fog_GP020475_000160_gtFine_labelTrainIds.png
leftImg8bit/val/fog_GP020475_000173_leftImg8bit.png gtFine/val/fog_GP020475_000173_gtFine_labelTrainIds.png
leftImg8bit/val/fog_GP020475_000179_leftImg8bit.png gtFine/val/fog_GP020475_000179_gtFine_labelTrainIds.png
leftImg8bit/val/fog_GP020475_000184_leftImg8bit.png gtFine/val/fog_GP020475_000184_gtFine_labelTrainIds.png
leftImg8bit/val/fog_GP020475_000189_leftImg8bit.png gtFine/val/fog_GP020475_000189_gtFine_labelTrainIds.png
leftImg8bit/val/fog_GP020475_000194_leftImg8bit.png gtFine/val/fog_GP020475_000194_gtFine_labelTrainIds.png
leftImg8bit/val/fog_GP020475_000199_leftImg8bit.png gtFine/val/fog_GP020475_000199_gtFine_labelTrainIds.png
leftImg8bit/val/fog_GP020475_000204_leftImg8bit.png gtFine/val/fog_GP020475_000204_gtFine_labelTrainIds.png
leftImg8bit/val/fog_GP020475_000209_leftImg8bit.png gtFine/val/fog_GP020475_000209_gtFine_labelTrainIds.png
leftImg8bit/val/fog_GP020475_000229_leftImg8bit.png gtFine/val/fog_GP020475_000229_gtFine_labelTrainIds.png
leftImg8bit/val/night_GOPR0351_000033_leftImg8bit.png gtFine/val/night_GOPR0351_000033_gtFine_labelTrainIds.png
leftImg8bit/val/night_GOPR0351_000039_leftImg8bit.png gtFine/val/night_GOPR0351_000039_gtFine_labelTrainIds.png
leftImg8bit/val/night_GOPR0351_000043_leftImg8bit.png gtFine/val/night_GOPR0351_000043_gtFine_labelTrainIds.png
leftImg8bit/val/night_GOPR0351_000047_leftImg8bit.png gtFine/val/night_GOPR0351_000047_gtFine_labelTrainIds.png
leftImg8bit/val/night_GOPR0351_000049_leftImg8bit.png gtFine/val/night_GOPR0351_000049_gtFine_labelTrainIds.png
leftImg8bit/val/night_GOPR0351_000053_leftImg8bit.png gtFine/val/night_GOPR0351_000053_gtFine_labelTrainIds.png
leftImg8bit/val/night_GOPR0351_000055_leftImg8bit.png gtFine/val/night_GOPR0351_000055_gtFine_labelTrainIds.png
leftImg8bit/val/night_GOPR0351_000057_leftImg8bit.png gtFine/val/night_GOPR0351_000057_gtFine_labelTrainIds.png
leftImg8bit/val/night_GOPR0351_000059_leftImg8bit.png gtFine/val/night_GOPR0351_000059_gtFine_labelTrainIds.png
leftImg8bit/val/night_GOPR0351_000061_leftImg8bit.png gtFine/val/night_GOPR0351_000061_gtFine_labelTrainIds.png
leftImg8bit/val/night_GOPR0351_000063_leftImg8bit.png gtFine/val/night_GOPR0351_000063_gtFine_labelTrainIds.png
leftImg8bit/val/night_GOPR0351_000065_leftImg8bit.png gtFine/val/night_GOPR0351_000065_gtFine_labelTrainIds.png
leftImg8bit/val/night_GOPR0351_000067_leftImg8bit.png gtFine/val/night_GOPR0351_000067_gtFine_labelTrainIds.png
leftImg8bit/val/night_GOPR0351_000069_leftImg8bit.png gtFine/val/night_GOPR0351_000069_gtFine_labelTrainIds.png
leftImg8bit/val/night_GOPR0351_000071_leftImg8bit.png gtFine/val/night_GOPR0351_000071_gtFine_labelTrainIds.png
leftImg8bit/val/night_GOPR0351_000079_leftImg8bit.png gtFine/val/night_GOPR0351_000079_gtFine_labelTrainIds.png
leftImg8bit/val/night_GOPR0351_000081_leftImg8bit.png gtFine/val/night_GOPR0351_000081_gtFine_labelTrainIds.png
leftImg8bit/val/night_GOPR0351_000083_leftImg8bit.png gtFine/val/night_GOPR0351_000083_gtFine_labelTrainIds.png
leftImg8bit/val/night_GOPR0351_000085_leftImg8bit.png gtFine/val/night_GOPR0351_000085_gtFine_labelTrainIds.png
leftImg8bit/val/night_GOPR0351_000087_leftImg8bit.png gtFine/val/night_GOPR0351_000087_gtFine_labelTrainIds.png
leftImg8bit/val/night_GOPR0351_000089_leftImg8bit.png gtFine/val/night_GOPR0351_000089_gtFine_labelTrainIds.png
leftImg8bit/val/night_GOPR0351_000091_leftImg8bit.png gtFine/val/night_GOPR0351_000091_gtFine_labelTrainIds.png
leftImg8bit/val/night_GOPR0351_000093_leftImg8bit.png gtFine/val/night_GOPR0351_000093_gtFine_labelTrainIds.png
leftImg8bit/val/night_GOPR0351_000095_leftImg8bit.png gtFine/val/night_GOPR0351_000095_gtFine_labelTrainIds.png
leftImg8bit/val/night_GOPR0351_000099_leftImg8bit.png gtFine/val/night_GOPR0351_000099_gtFine_labelTrainIds.png
leftImg8bit/val/night_GOPR0351_000101_leftImg8bit.png gtFine/val/night_GOPR0351_000101_gtFine_labelTrainIds.png
leftImg8bit/val/night_GOPR0351_000105_leftImg8bit.png gtFine/val/night_GOPR0351_000105_gtFine_labelTrainIds.png
leftImg8bit/val/night_GOPR0351_000111_leftImg8bit.png gtFine/val/night_GOPR0351_000111_gtFine_labelTrainIds.png
leftImg8bit/val/night_GOPR0351_000113_leftImg8bit.png gtFine/val/night_GOPR0351_000113_gtFine_labelTrainIds.png
leftImg8bit/val/night_GOPR0351_000115_leftImg8bit.png gtFine/val/night_GOPR0351_000115_gtFine_labelTrainIds.png
leftImg8bit/val/night_GOPR0351_000121_leftImg8bit.png gtFine/val/night_GOPR0351_000121_gtFine_labelTrainIds.png
leftImg8bit/val/night_GOPR0351_000124_leftImg8bit.png gtFine/val/night_GOPR0351_000124_gtFine_labelTrainIds.png
leftImg8bit/val/night_GOPR0351_000128_leftImg8bit.png gtFine/val/night_GOPR0351_000128_gtFine_labelTrainIds.png
leftImg8bit/val/night_GOPR0351_000132_leftImg8bit.png gtFine/val/night_GOPR0351_000132_gtFine_labelTrainIds.png
leftImg8bit/val/night_GOPR0351_000141_leftImg8bit.png gtFine/val/night_GOPR0351_000141_gtFine_labelTrainIds.png
leftImg8bit/val/night_GOPR0351_000143_leftImg8bit.png gtFine/val/night_GOPR0351_000143_gtFine_labelTrainIds.png
leftImg8bit/val/night_GOPR0351_000651_leftImg8bit.png gtFine/val/night_GOPR0351_000651_gtFine_labelTrainIds.png
leftImg8bit/val/night_GOPR0351_000654_leftImg8bit.png gtFine/val/night_GOPR0351_000654_gtFine_labelTrainIds.png
leftImg8bit/val/night_GOPR0351_000706_leftImg8bit.png gtFine/val/night_GOPR0351_000706_gtFine_labelTrainIds.png
leftImg8bit/val/night_GOPR0351_000709_leftImg8bit.png gtFine/val/night_GOPR0351_000709_gtFine_labelTrainIds.png
leftImg8bit/val/night_GOPR0351_000712_leftImg8bit.png gtFine/val/night_GOPR0351_000712_gtFine_labelTrainIds.png
leftImg8bit/val/night_GOPR0351_000718_leftImg8bit.png gtFine/val/night_GOPR0351_000718_gtFine_labelTrainIds.png
leftImg8bit/val/night_GOPR0351_000724_leftImg8bit.png gtFine/val/night_GOPR0351_000724_gtFine_labelTrainIds.png
leftImg8bit/val/night_GOPR0351_000727_leftImg8bit.png gtFine/val/night_GOPR0351_000727_gtFine_labelTrainIds.png
leftImg8bit/val/night_GOPR0351_000742_leftImg8bit.png gtFine/val/night_GOPR0351_000742_gtFine_labelTrainIds.png
leftImg8bit/val/night_GOPR0351_000745_leftImg8bit.png gtFine/val/night_GOPR0351_000745_gtFine_labelTrainIds.png
leftImg8bit/val/night_GOPR0351_000748_leftImg8bit.png gtFine/val/night_GOPR0351_000748_gtFine_labelTrainIds.png
leftImg8bit/val/night_GOPR0351_000754_leftImg8bit.png gtFine/val/night_GOPR0351_000754_gtFine_labelTrainIds.png
leftImg8bit/val/night_GOPR0351_000761_leftImg8bit.png gtFine/val/night_GOPR0351_000761_gtFine_labelTrainIds.png
leftImg8bit/val/night_GOPR0351_000770_leftImg8bit.png gtFine/val/night_GOPR0351_000770_gtFine_labelTrainIds.png
leftImg8bit/val/night_GOPR0351_000774_leftImg8bit.png gtFine/val/night_GOPR0351_000774_gtFine_labelTrainIds.png
leftImg8bit/val/night_GOPR0351_000809_leftImg8bit.png gtFine/val/night_GOPR0351_000809_gtFine_labelTrainIds.png
leftImg8bit/val/night_GOPR0351_000814_leftImg8bit.png gtFine/val/night_GOPR0351_000814_gtFine_labelTrainIds.png
leftImg8bit/val/night_GOPR0351_000818_leftImg8bit.png gtFine/val/night_GOPR0351_000818_gtFine_labelTrainIds.png
leftImg8bit/val/night_GOPR0351_000822_leftImg8bit.png gtFine/val/night_GOPR0351_000822_gtFine_labelTrainIds.png
leftImg8bit/val/night_GOPR0351_000825_leftImg8bit.png gtFine/val/night_GOPR0351_000825_gtFine_labelTrainIds.png
leftImg8bit/val/night_GOPR0356_000321_leftImg8bit.png gtFine/val/night_GOPR0356_000321_gtFine_labelTrainIds.png
leftImg8bit/val/night_GOPR0356_000324_leftImg8bit.png gtFine/val/night_GOPR0356_000324_gtFine_labelTrainIds.png
leftImg8bit/val/night_GOPR0356_000327_leftImg8bit.png gtFine/val/night_GOPR0356_000327_gtFine_labelTrainIds.png
leftImg8bit/val/night_GOPR0356_000330_leftImg8bit.png gtFine/val/night_GOPR0356_000330_gtFine_labelTrainIds.png
leftImg8bit/val/night_GOPR0356_000333_leftImg8bit.png gtFine/val/night_GOPR0356_000333_gtFine_labelTrainIds.png
leftImg8bit/val/night_GOPR0356_000336_leftImg8bit.png gtFine/val/night_GOPR0356_000336_gtFine_labelTrainIds.png
leftImg8bit/val/night_GOPR0356_000339_leftImg8bit.png gtFine/val/night_GOPR0356_000339_gtFine_labelTrainIds.png
leftImg8bit/val/night_GOPR0356_000342_leftImg8bit.png gtFine/val/night_GOPR0356_000342_gtFine_labelTrainIds.png
leftImg8bit/val/night_GOPR0356_000345_leftImg8bit.png gtFine/val/night_GOPR0356_000345_gtFine_labelTrainIds.png
leftImg8bit/val/night_GOPR0356_000348_leftImg8bit.png gtFine/val/night_GOPR0356_000348_gtFine_labelTrainIds.png
leftImg8bit/val/night_GOPR0356_000351_leftImg8bit.png gtFine/val/night_GOPR0356_000351_gtFine_labelTrainIds.png
leftImg8bit/val/night_GOPR0356_000354_leftImg8bit.png gtFine/val/night_GOPR0356_000354_gtFine_labelTrainIds.png
leftImg8bit/val/night_GOPR0356_000357_leftImg8bit.png gtFine/val/night_GOPR0356_000357_gtFine_labelTrainIds.png
leftImg8bit/val/night_GOPR0356_000360_leftImg8bit.png gtFine/val/night_GOPR0356_000360_gtFine_labelTrainIds.png
leftImg8bit/val/night_GOPR0356_000363_leftImg8bit.png gtFine/val/night_GOPR0356_000363_gtFine_labelTrainIds.png
leftImg8bit/val/night_GOPR0356_000366_leftImg8bit.png gtFine/val/night_GOPR0356_000366_gtFine_labelTrainIds.png
leftImg8bit/val/night_GOPR0356_000369_leftImg8bit.png gtFine/val/night_GOPR0356_000369_gtFine_labelTrainIds.png
leftImg8bit/val/night_GOPR0356_000372_leftImg8bit.png gtFine/val/night_GOPR0356_000372_gtFine_labelTrainIds.png
leftImg8bit/val/night_GOPR0356_000375_leftImg8bit.png gtFine/val/night_GOPR0356_000375_gtFine_labelTrainIds.png
leftImg8bit/val/night_GOPR0356_000378_leftImg8bit.png gtFine/val/night_GOPR0356_000378_gtFine_labelTrainIds.png
leftImg8bit/val/night_GOPR0356_000382_leftImg8bit.png gtFine/val/night_GOPR0356_000382_gtFine_labelTrainIds.png
leftImg8bit/val/night_GOPR0356_000386_leftImg8bit.png gtFine/val/night_GOPR0356_000386_gtFine_labelTrainIds.png
leftImg8bit/val/night_GOPR0356_000391_leftImg8bit.png gtFine/val/night_GOPR0356_000391_gtFine_labelTrainIds.png
leftImg8bit/val/night_GOPR0356_000395_leftImg8bit.png gtFine/val/night_GOPR0356_000395_gtFine_labelTrainIds.png
leftImg8bit/val/night_GOPR0356_000398_leftImg8bit.png gtFine/val/night_GOPR0356_000398_gtFine_labelTrainIds.png
leftImg8bit/val/night_GOPR0356_000401_leftImg8bit.png gtFine/val/night_GOPR0356_000401_gtFine_labelTrainIds.png
leftImg8bit/val/night_GOPR0356_000404_leftImg8bit.png gtFine/val/night_GOPR0356_000404_gtFine_labelTrainIds.png
leftImg8bit/val/night_GOPR0356_000408_leftImg8bit.png gtFine/val/night_GOPR0356_000408_gtFine_labelTrainIds.png
leftImg8bit/val/night_GOPR0356_000414_leftImg8bit.png gtFine/val/night_GOPR0356_000414_gtFine_labelTrainIds.png
leftImg8bit/val/night_GOPR0356_000418_leftImg8bit.png gtFine/val/night_GOPR0356_000418_gtFine_labelTrainIds.png
leftImg8bit/val/night_GOPR0356_000421_leftImg8bit.png gtFine/val/night_GOPR0356_000421_gtFine_labelTrainIds.png
leftImg8bit/val/night_GOPR0356_000424_leftImg8bit.png gtFine/val/night_GOPR0356_000424_gtFine_labelTrainIds.png
leftImg8bit/val/night_GOPR0356_000427_leftImg8bit.png gtFine/val/night_GOPR0356_000427_gtFine_labelTrainIds.png
leftImg8bit/val/night_GOPR0356_000430_leftImg8bit.png gtFine/val/night_GOPR0356_000430_gtFine_labelTrainIds.png
leftImg8bit/val/night_GOPR0356_000433_leftImg8bit.png gtFine/val/night_GOPR0356_000433_gtFine_labelTrainIds.png
leftImg8bit/val/night_GOPR0356_000437_leftImg8bit.png gtFine/val/night_GOPR0356_000437_gtFine_labelTrainIds.png
leftImg8bit/val/night_GOPR0356_000448_leftImg8bit.png gtFine/val/night_GOPR0356_000448_gtFine_labelTrainIds.png
leftImg8bit/val/night_GOPR0356_000452_leftImg8bit.png gtFine/val/night_GOPR0356_000452_gtFine_labelTrainIds.png
leftImg8bit/val/night_GOPR0356_000455_leftImg8bit.png gtFine/val/night_GOPR0356_000455_gtFine_labelTrainIds.png
leftImg8bit/val/night_GOPR0356_000458_leftImg8bit.png gtFine/val/night_GOPR0356_000458_gtFine_labelTrainIds.png
leftImg8bit/val/night_GOPR0356_000461_leftImg8bit.png gtFine/val/night_GOPR0356_000461_gtFine_labelTrainIds.png
leftImg8bit/val/night_GOPR0356_000464_leftImg8bit.png gtFine/val/night_GOPR0356_000464_gtFine_labelTrainIds.png
leftImg8bit/val/night_GOPR0356_000467_leftImg8bit.png gtFine/val/night_GOPR0356_000467_gtFine_labelTrainIds.png
leftImg8bit/val/night_GOPR0356_000470_leftImg8bit.png gtFine/val/night_GOPR0356_000470_gtFine_labelTrainIds.png
leftImg8bit/val/night_GOPR0356_000473_leftImg8bit.png gtFine/val/night_GOPR0356_000473_gtFine_labelTrainIds.png
leftImg8bit/val/night_GOPR0356_000476_leftImg8bit.png gtFine/val/night_GOPR0356_000476_gtFine_labelTrainIds.png
leftImg8bit/val/night_GOPR0356_000479_leftImg8bit.png gtFine/val/night_GOPR0356_000479_gtFine_labelTrainIds.png
leftImg8bit/val/night_GOPR0356_000482_leftImg8bit.png gtFine/val/night_GOPR0356_000482_gtFine_labelTrainIds.png
leftImg8bit/val/night_GOPR0356_000485_leftImg8bit.png gtFine/val/night_GOPR0356_000485_gtFine_labelTrainIds.png
leftImg8bit/val/night_GOPR0356_000488_leftImg8bit.png gtFine/val/night_GOPR0356_000488_gtFine_labelTrainIds.png
leftImg8bit/val/rain_GOPR0400_000058_leftImg8bit.png gtFine/val/rain_GOPR0400_000058_gtFine_labelTrainIds.png
leftImg8bit/val/rain_GOPR0400_000087_leftImg8bit.png gtFine/val/rain_GOPR0400_000087_gtFine_labelTrainIds.png
leftImg8bit/val/rain_GOPR0400_000094_leftImg8bit.png gtFine/val/rain_GOPR0400_000094_gtFine_labelTrainIds.png
leftImg8bit/val/rain_GOPR0400_000107_leftImg8bit.png gtFine/val/rain_GOPR0400_000107_gtFine_labelTrainIds.png
leftImg8bit/val/rain_GOPR0400_000114_leftImg8bit.png gtFine/val/rain_GOPR0400_000114_gtFine_labelTrainIds.png
leftImg8bit/val/rain_GOPR0400_000125_leftImg8bit.png gtFine/val/rain_GOPR0400_000125_gtFine_labelTrainIds.png
leftImg8bit/val/rain_GOPR0400_000150_leftImg8bit.png gtFine/val/rain_GOPR0400_000150_gtFine_labelTrainIds.png
leftImg8bit/val/rain_GOPR0402_000120_leftImg8bit.png gtFine/val/rain_GOPR0402_000120_gtFine_labelTrainIds.png
leftImg8bit/val/rain_GOPR0402_000134_leftImg8bit.png gtFine/val/rain_GOPR0402_000134_gtFine_labelTrainIds.png
leftImg8bit/val/rain_GOPR0402_000154_leftImg8bit.png gtFine/val/rain_GOPR0402_000154_gtFine_labelTrainIds.png
leftImg8bit/val/rain_GOPR0402_000186_leftImg8bit.png gtFine/val/rain_GOPR0402_000186_gtFine_labelTrainIds.png
leftImg8bit/val/rain_GOPR0402_000194_leftImg8bit.png gtFine/val/rain_GOPR0402_000194_gtFine_labelTrainIds.png
leftImg8bit/val/rain_GOPR0402_000214_leftImg8bit.png gtFine/val/rain_GOPR0402_000214_gtFine_labelTrainIds.png
leftImg8bit/val/rain_GOPR0402_000234_leftImg8bit.png gtFine/val/rain_GOPR0402_000234_gtFine_labelTrainIds.png
leftImg8bit/val/rain_GOPR0402_000254_leftImg8bit.png gtFine/val/rain_GOPR0402_000254_gtFine_labelTrainIds.png
leftImg8bit/val/rain_GOPR0402_000294_leftImg8bit.png gtFine/val/rain_GOPR0402_000294_gtFine_labelTrainIds.png
leftImg8bit/val/rain_GOPR0402_000304_leftImg8bit.png gtFine/val/rain_GOPR0402_000304_gtFine_labelTrainIds.png
leftImg8bit/val/rain_GOPR0402_000315_leftImg8bit.png gtFine/val/rain_GOPR0402_000315_gtFine_labelTrainIds.png
leftImg8bit/val/rain_GOPR0402_000320_leftImg8bit.png gtFine/val/rain_GOPR0402_000320_gtFine_labelTrainIds.png
leftImg8bit/val/rain_GOPR0402_000331_leftImg8bit.png gtFine/val/rain_GOPR0402_000331_gtFine_labelTrainIds.png
leftImg8bit/val/rain_GOPR0402_000336_leftImg8bit.png gtFine/val/rain_GOPR0402_000336_gtFine_labelTrainIds.png
leftImg8bit/val/rain_GOPR0402_000351_leftImg8bit.png gtFine/val/rain_GOPR0402_000351_gtFine_labelTrainIds.png
leftImg8bit/val/rain_GOPR0402_000365_leftImg8bit.png gtFine/val/rain_GOPR0402_000365_gtFine_labelTrainIds.png
leftImg8bit/val/rain_GOPR0402_000369_leftImg8bit.png gtFine/val/rain_GOPR0402_000369_gtFine_labelTrainIds.png
leftImg8bit/val/rain_GOPR0402_000384_leftImg8bit.png gtFine/val/rain_GOPR0402_000384_gtFine_labelTrainIds.png
leftImg8bit/val/rain_GOPR0402_000402_leftImg8bit.png gtFine/val/rain_GOPR0402_000402_gtFine_labelTrainIds.png
leftImg8bit/val/rain_GOPR0402_000408_leftImg8bit.png gtFine/val/rain_GOPR0402_000408_gtFine_labelTrainIds.png
leftImg8bit/val/rain_GOPR0402_000424_leftImg8bit.png gtFine/val/rain_GOPR0402_000424_gtFine_labelTrainIds.png
leftImg8bit/val/rain_GOPR0402_000429_leftImg8bit.png gtFine/val/rain_GOPR0402_000429_gtFine_labelTrainIds.png
leftImg8bit/val/rain_GOPR0402_000435_leftImg8bit.png gtFine/val/rain_GOPR0402_000435_gtFine_labelTrainIds.png
leftImg8bit/val/rain_GOPR0402_000441_leftImg8bit.png gtFine/val/rain_GOPR0402_000441_gtFine_labelTrainIds.png
leftImg8bit/val/rain_GOPR0402_000457_leftImg8bit.png gtFine/val/rain_GOPR0402_000457_gtFine_labelTrainIds.png
leftImg8bit/val/rain_GOPR0402_000741_leftImg8bit.png gtFine/val/rain_GOPR0402_000741_gtFine_labelTrainIds.png
leftImg8bit/val/rain_GOPR0402_000748_leftImg8bit.png gtFine/val/rain_GOPR0402_000748_gtFine_labelTrainIds.png
leftImg8bit/val/rain_GOPR0402_000755_leftImg8bit.png gtFine/val/rain_GOPR0402_000755_gtFine_labelTrainIds.png
leftImg8bit/val/rain_GOPR0402_000761_leftImg8bit.png gtFine/val/rain_GOPR0402_000761_gtFine_labelTrainIds.png
leftImg8bit/val/rain_GOPR0571_000232_leftImg8bit.png gtFine/val/rain_GOPR0571_000232_gtFine_labelTrainIds.png
leftImg8bit/val/rain_GOPR0571_000275_leftImg8bit.png gtFine/val/rain_GOPR0571_000275_gtFine_labelTrainIds.png
leftImg8bit/val/rain_GOPR0572_000736_leftImg8bit.png gtFine/val/rain_GOPR0572_000736_gtFine_labelTrainIds.png
leftImg8bit/val/rain_GOPR0572_000740_leftImg8bit.png gtFine/val/rain_GOPR0572_000740_gtFine_labelTrainIds.png
leftImg8bit/val/rain_GOPR0572_000748_leftImg8bit.png gtFine/val/rain_GOPR0572_000748_gtFine_labelTrainIds.png
leftImg8bit/val/rain_GOPR0572_000752_leftImg8bit.png gtFine/val/rain_GOPR0572_000752_gtFine_labelTrainIds.png
leftImg8bit/val/rain_GOPR0572_000756_leftImg8bit.png gtFine/val/rain_GOPR0572_000756_gtFine_labelTrainIds.png
leftImg8bit/val/rain_GOPR0572_000760_leftImg8bit.png gtFine/val/rain_GOPR0572_000760_gtFine_labelTrainIds.png
leftImg8bit/val/rain_GOPR0572_000773_leftImg8bit.png gtFine/val/rain_GOPR0572_000773_gtFine_labelTrainIds.png
leftImg8bit/val/rain_GOPR0572_000778_leftImg8bit.png gtFine/val/rain_GOPR0572_000778_gtFine_labelTrainIds.png
leftImg8bit/val/rain_GOPR0572_000820_leftImg8bit.png gtFine/val/rain_GOPR0572_000820_gtFine_labelTrainIds.png
leftImg8bit/val/rain_GOPR0572_000825_leftImg8bit.png gtFine/val/rain_GOPR0572_000825_gtFine_labelTrainIds.png
leftImg8bit/val/rain_GOPR0572_000830_leftImg8bit.png gtFine/val/rain_GOPR0572_000830_gtFine_labelTrainIds.png
leftImg8bit/val/rain_GOPR0572_000836_leftImg8bit.png gtFine/val/rain_GOPR0572_000836_gtFine_labelTrainIds.png
leftImg8bit/val/rain_GOPR0572_000860_leftImg8bit.png gtFine/val/rain_GOPR0572_000860_gtFine_labelTrainIds.png
leftImg8bit/val/rain_GP010400_000214_leftImg8bit.png gtFine/val/rain_GP010400_000214_gtFine_labelTrainIds.png
leftImg8bit/val/rain_GP010400_000234_leftImg8bit.png gtFine/val/rain_GP010400_000234_gtFine_labelTrainIds.png
leftImg8bit/val/rain_GP010400_000290_leftImg8bit.png gtFine/val/rain_GP010400_000290_gtFine_labelTrainIds.png
leftImg8bit/val/rain_GP010400_000350_leftImg8bit.png gtFine/val/rain_GP010400_000350_gtFine_labelTrainIds.png
leftImg8bit/val/rain_GP010400_000360_leftImg8bit.png gtFine/val/rain_GP010400_000360_gtFine_labelTrainIds.png
leftImg8bit/val/rain_GP010400_000380_leftImg8bit.png gtFine/val/rain_GP010400_000380_gtFine_labelTrainIds.png
leftImg8bit/val/rain_GP020402_000599_leftImg8bit.png gtFine/val/rain_GP020402_000599_gtFine_labelTrainIds.png
leftImg8bit/val/rain_GP020402_000615_leftImg8bit.png gtFine/val/rain_GP020402_000615_gtFine_labelTrainIds.png
leftImg8bit/val/rain_GP020402_000624_leftImg8bit.png gtFine/val/rain_GP020402_000624_gtFine_labelTrainIds.png
leftImg8bit/val/rain_GP020402_000644_leftImg8bit.png gtFine/val/rain_GP020402_000644_gtFine_labelTrainIds.png
leftImg8bit/val/rain_GP020402_000723_leftImg8bit.png gtFine/val/rain_GP020402_000723_gtFine_labelTrainIds.png
leftImg8bit/val/rain_GP020402_000738_leftImg8bit.png gtFine/val/rain_GP020402_000738_gtFine_labelTrainIds.png
leftImg8bit/val/rain_GP020402_000748_leftImg8bit.png gtFine/val/rain_GP020402_000748_gtFine_labelTrainIds.png
leftImg8bit/val/rain_GP020402_000753_leftImg8bit.png gtFine/val/rain_GP020402_000753_gtFine_labelTrainIds.png
leftImg8bit/val/rain_GP020402_000774_leftImg8bit.png gtFine/val/rain_GP020402_000774_gtFine_labelTrainIds.png
leftImg8bit/val/rain_GP020402_000784_leftImg8bit.png gtFine/val/rain_GP020402_000784_gtFine_labelTrainIds.png
leftImg8bit/val/rain_GP020402_000795_leftImg8bit.png gtFine/val/rain_GP020402_000795_gtFine_labelTrainIds.png
leftImg8bit/val/rain_GP020402_000802_leftImg8bit.png gtFine/val/rain_GP020402_000802_gtFine_labelTrainIds.png
leftImg8bit/val/rain_GP020402_000809_leftImg8bit.png gtFine/val/rain_GP020402_000809_gtFine_labelTrainIds.png
leftImg8bit/val/rain_GP020402_000830_leftImg8bit.png gtFine/val/rain_GP020402_000830_gtFine_labelTrainIds.png
leftImg8bit/val/rain_GP020402_000835_leftImg8bit.png gtFine/val/rain_GP020402_000835_gtFine_labelTrainIds.png
leftImg8bit/val/rain_GP020402_000843_leftImg8bit.png gtFine/val/rain_GP020402_000843_gtFine_labelTrainIds.png
leftImg8bit/val/rain_GP020402_000863_leftImg8bit.png gtFine/val/rain_GP020402_000863_gtFine_labelTrainIds.png
leftImg8bit/val/rain_GP020402_000883_leftImg8bit.png gtFine/val/rain_GP020402_000883_gtFine_labelTrainIds.png
leftImg8bit/val/rain_GP020402_000898_leftImg8bit.png gtFine/val/rain_GP020402_000898_gtFine_labelTrainIds.png
leftImg8bit/val/rain_GP020402_000904_leftImg8bit.png gtFine/val/rain_GP020402_000904_gtFine_labelTrainIds.png
leftImg8bit/val/rain_GP020402_000909_leftImg8bit.png gtFine/val/rain_GP020402_000909_gtFine_labelTrainIds.png
leftImg8bit/val/rain_GP020402_000914_leftImg8bit.png gtFine/val/rain_GP020402_000914_gtFine_labelTrainIds.png
leftImg8bit/val/rain_GP020402_000919_leftImg8bit.png gtFine/val/rain_GP020402_000919_gtFine_labelTrainIds.png
leftImg8bit/val/rain_GP020402_000939_leftImg8bit.png gtFine/val/rain_GP020402_000939_gtFine_labelTrainIds.png
leftImg8bit/val/rain_GP020402_000946_leftImg8bit.png gtFine/val/rain_GP020402_000946_gtFine_labelTrainIds.png
leftImg8bit/val/rain_GP020402_000951_leftImg8bit.png gtFine/val/rain_GP020402_000951_gtFine_labelTrainIds.png
leftImg8bit/val/rain_GP020402_000966_leftImg8bit.png gtFine/val/rain_GP020402_000966_gtFine_labelTrainIds.png
leftImg8bit/val/rain_GP020402_000971_leftImg8bit.png gtFine/val/rain_GP020402_000971_gtFine_labelTrainIds.png
leftImg8bit/val/rain_GP020402_000976_leftImg8bit.png gtFine/val/rain_GP020402_000976_gtFine_labelTrainIds.png
leftImg8bit/val/rain_GP020402_000981_leftImg8bit.png gtFine/val/rain_GP020402_000981_gtFine_labelTrainIds.png
leftImg8bit/val/rain_GP020402_000994_leftImg8bit.png gtFine/val/rain_GP020402_000994_gtFine_labelTrainIds.png
leftImg8bit/val/rain_GP020402_001000_leftImg8bit.png gtFine/val/rain_GP020402_001000_gtFine_labelTrainIds.png
leftImg8bit/val/rain_GP020402_001020_leftImg8bit.png gtFine/val/rain_GP020402_001020_gtFine_labelTrainIds.png
leftImg8bit/val/rain_GP030400_000121_leftImg8bit.png gtFine/val/rain_GP030400_000121_gtFine_labelTrainIds.png
leftImg8bit/val/rain_GP030400_000129_leftImg8bit.png gtFine/val/rain_GP030400_000129_gtFine_labelTrainIds.png
leftImg8bit/val/rain_GP030400_000135_leftImg8bit.png gtFine/val/rain_GP030400_000135_gtFine_labelTrainIds.png
leftImg8bit/val/rain_GP030400_000154_leftImg8bit.png gtFine/val/rain_GP030400_000154_gtFine_labelTrainIds.png
leftImg8bit/val/rain_GP030400_000184_leftImg8bit.png gtFine/val/rain_GP030400_000184_gtFine_labelTrainIds.png
leftImg8bit/val/rain_GP030402_000001_leftImg8bit.png gtFine/val/rain_GP030402_000001_gtFine_labelTrainIds.png
leftImg8bit/val/rain_GP030402_000022_leftImg8bit.png gtFine/val/rain_GP030402_000022_gtFine_labelTrainIds.png
leftImg8bit/val/rain_GP030402_000094_leftImg8bit.png gtFine/val/rain_GP030402_000094_gtFine_labelTrainIds.png
leftImg8bit/val/rain_GP030402_000266_leftImg8bit.png gtFine/val/rain_GP030402_000266_gtFine_labelTrainIds.png
leftImg8bit/val/rain_GP030402_000428_leftImg8bit.png gtFine/val/rain_GP030402_000428_gtFine_labelTrainIds.png
leftImg8bit/val/snow_GOPR0122_000001_leftImg8bit.png gtFine/val/snow_GOPR0122_000001_gtFine_labelTrainIds.png
leftImg8bit/val/snow_GOPR0122_000018_leftImg8bit.png gtFine/val/snow_GOPR0122_000018_gtFine_labelTrainIds.png
leftImg8bit/val/snow_GOPR0122_000028_leftImg8bit.png gtFine/val/snow_GOPR0122_000028_gtFine_labelTrainIds.png
leftImg8bit/val/snow_GOPR0122_000040_leftImg8bit.png gtFine/val/snow_GOPR0122_000040_gtFine_labelTrainIds.png
leftImg8bit/val/snow_GOPR0122_000049_leftImg8bit.png gtFine/val/snow_GOPR0122_000049_gtFine_labelTrainIds.png
leftImg8bit/val/snow_GOPR0122_000057_leftImg8bit.png gtFine/val/snow_GOPR0122_000057_gtFine_labelTrainIds.png
leftImg8bit/val/snow_GOPR0122_000064_leftImg8bit.png gtFine/val/snow_GOPR0122_000064_gtFine_labelTrainIds.png
leftImg8bit/val/snow_GOPR0122_000070_leftImg8bit.png gtFine/val/snow_GOPR0122_000070_gtFine_labelTrainIds.png
leftImg8bit/val/snow_GOPR0122_000077_leftImg8bit.png gtFine/val/snow_GOPR0122_000077_gtFine_labelTrainIds.png
leftImg8bit/val/snow_GOPR0122_000085_leftImg8bit.png gtFine/val/snow_GOPR0122_000085_gtFine_labelTrainIds.png
leftImg8bit/val/snow_GOPR0122_000092_leftImg8bit.png gtFine/val/snow_GOPR0122_000092_gtFine_labelTrainIds.png
leftImg8bit/val/snow_GOPR0122_000099_leftImg8bit.png gtFine/val/snow_GOPR0122_000099_gtFine_labelTrainIds.png
leftImg8bit/val/snow_GOPR0122_000106_leftImg8bit.png gtFine/val/snow_GOPR0122_000106_gtFine_labelTrainIds.png
leftImg8bit/val/snow_GOPR0122_000113_leftImg8bit.png gtFine/val/snow_GOPR0122_000113_gtFine_labelTrainIds.png
leftImg8bit/val/snow_GOPR0122_000121_leftImg8bit.png gtFine/val/snow_GOPR0122_000121_gtFine_labelTrainIds.png
leftImg8bit/val/snow_GOPR0122_000306_leftImg8bit.png gtFine/val/snow_GOPR0122_000306_gtFine_labelTrainIds.png
leftImg8bit/val/snow_GOPR0122_000312_leftImg8bit.png gtFine/val/snow_GOPR0122_000312_gtFine_labelTrainIds.png
leftImg8bit/val/snow_GOPR0122_000317_leftImg8bit.png gtFine/val/snow_GOPR0122_000317_gtFine_labelTrainIds.png
leftImg8bit/val/snow_GOPR0122_000322_leftImg8bit.png gtFine/val/snow_GOPR0122_000322_gtFine_labelTrainIds.png
leftImg8bit/val/snow_GOPR0122_000327_leftImg8bit.png gtFine/val/snow_GOPR0122_000327_gtFine_labelTrainIds.png
leftImg8bit/val/snow_GOPR0122_000332_leftImg8bit.png gtFine/val/snow_GOPR0122_000332_gtFine_labelTrainIds.png
leftImg8bit/val/snow_GOPR0122_000337_leftImg8bit.png gtFine/val/snow_GOPR0122_000337_gtFine_labelTrainIds.png
leftImg8bit/val/snow_GOPR0122_000344_leftImg8bit.png gtFine/val/snow_GOPR0122_000344_gtFine_labelTrainIds.png
leftImg8bit/val/snow_GOPR0122_000352_leftImg8bit.png gtFine/val/snow_GOPR0122_000352_gtFine_labelTrainIds.png
leftImg8bit/val/snow_GOPR0122_000358_leftImg8bit.png gtFine/val/snow_GOPR0122_000358_gtFine_labelTrainIds.png
leftImg8bit/val/snow_GOPR0122_000364_leftImg8bit.png gtFine/val/snow_GOPR0122_000364_gtFine_labelTrainIds.png
leftImg8bit/val/snow_GOPR0122_000370_leftImg8bit.png gtFine/val/snow_GOPR0122_000370_gtFine_labelTrainIds.png
leftImg8bit/val/snow_GOPR0122_000376_leftImg8bit.png gtFine/val/snow_GOPR0122_000376_gtFine_labelTrainIds.png
leftImg8bit/val/snow_GOPR0122_000406_leftImg8bit.png gtFine/val/snow_GOPR0122_000406_gtFine_labelTrainIds.png
leftImg8bit/val/snow_GOPR0122_000413_leftImg8bit.png gtFine/val/snow_GOPR0122_000413_gtFine_labelTrainIds.png
leftImg8bit/val/snow_GOPR0122_000419_leftImg8bit.png gtFine/val/snow_GOPR0122_000419_gtFine_labelTrainIds.png
leftImg8bit/val/snow_GOPR0122_000425_leftImg8bit.png gtFine/val/snow_GOPR0122_000425_gtFine_labelTrainIds.png
leftImg8bit/val/snow_GOPR0122_000431_leftImg8bit.png gtFine/val/snow_GOPR0122_000431_gtFine_labelTrainIds.png
leftImg8bit/val/snow_GOPR0604_000278_leftImg8bit.png gtFine/val/snow_GOPR0604_000278_gtFine_labelTrainIds.png
leftImg8bit/val/snow_GOPR0604_000284_leftImg8bit.png gtFine/val/snow_GOPR0604_000284_gtFine_labelTrainIds.png
leftImg8bit/val/snow_GOPR0604_000290_leftImg8bit.png gtFine/val/snow_GOPR0604_000290_gtFine_labelTrainIds.png
leftImg8bit/val/snow_GOPR0604_000300_leftImg8bit.png gtFine/val/snow_GOPR0604_000300_gtFine_labelTrainIds.png
leftImg8bit/val/snow_GOPR0604_000305_leftImg8bit.png gtFine/val/snow_GOPR0604_000305_gtFine_labelTrainIds.png
leftImg8bit/val/snow_GOPR0604_000310_leftImg8bit.png gtFine/val/snow_GOPR0604_000310_gtFine_labelTrainIds.png
leftImg8bit/val/snow_GOPR0604_000316_leftImg8bit.png gtFine/val/snow_GOPR0604_000316_gtFine_labelTrainIds.png
leftImg8bit/val/snow_GOPR0604_000322_leftImg8bit.png gtFine/val/snow_GOPR0604_000322_gtFine_labelTrainIds.png
leftImg8bit/val/snow_GOPR0604_000327_leftImg8bit.png gtFine/val/snow_GOPR0604_000327_gtFine_labelTrainIds.png
leftImg8bit/val/snow_GOPR0604_000332_leftImg8bit.png gtFine/val/snow_GOPR0604_000332_gtFine_labelTrainIds.png
leftImg8bit/val/snow_GOPR0604_000337_leftImg8bit.png gtFine/val/snow_GOPR0604_000337_gtFine_labelTrainIds.png
leftImg8bit/val/snow_GOPR0604_000373_leftImg8bit.png gtFine/val/snow_GOPR0604_000373_gtFine_labelTrainIds.png
leftImg8bit/val/snow_GOPR0604_000393_leftImg8bit.png gtFine/val/snow_GOPR0604_000393_gtFine_labelTrainIds.png
leftImg8bit/val/snow_GOPR0604_000413_leftImg8bit.png gtFine/val/snow_GOPR0604_000413_gtFine_labelTrainIds.png
leftImg8bit/val/snow_GOPR0604_000433_leftImg8bit.png gtFine/val/snow_GOPR0604_000433_gtFine_labelTrainIds.png
leftImg8bit/val/snow_GOPR0604_000439_leftImg8bit.png gtFine/val/snow_GOPR0604_000439_gtFine_labelTrainIds.png
leftImg8bit/val/snow_GOPR0604_000445_leftImg8bit.png gtFine/val/snow_GOPR0604_000445_gtFine_labelTrainIds.png
leftImg8bit/val/snow_GOPR0604_000455_leftImg8bit.png gtFine/val/snow_GOPR0604_000455_gtFine_labelTrainIds.png
leftImg8bit/val/snow_GOPR0604_000460_leftImg8bit.png gtFine/val/snow_GOPR0604_000460_gtFine_labelTrainIds.png
leftImg8bit/val/snow_GOPR0604_000465_leftImg8bit.png gtFine/val/snow_GOPR0604_000465_gtFine_labelTrainIds.png
leftImg8bit/val/snow_GOPR0604_000470_leftImg8bit.png gtFine/val/snow_GOPR0604_000470_gtFine_labelTrainIds.png
leftImg8bit/val/snow_GOPR0604_000478_leftImg8bit.png gtFine/val/snow_GOPR0604_000478_gtFine_labelTrainIds.png
leftImg8bit/val/snow_GOPR0604_000488_leftImg8bit.png gtFine/val/snow_GOPR0604_000488_gtFine_labelTrainIds.png
leftImg8bit/val/snow_GOPR0605_000161_leftImg8bit.png gtFine/val/snow_GOPR0605_000161_gtFine_labelTrainIds.png
leftImg8bit/val/snow_GOPR0605_000181_leftImg8bit.png gtFine/val/snow_GOPR0605_000181_gtFine_labelTrainIds.png
leftImg8bit/val/snow_GOPR0605_000299_leftImg8bit.png gtFine/val/snow_GOPR0605_000299_gtFine_labelTrainIds.png
leftImg8bit/val/snow_GOPR0606_000110_leftImg8bit.png gtFine/val/snow_GOPR0606_000110_gtFine_labelTrainIds.png
leftImg8bit/val/snow_GOPR0606_000162_leftImg8bit.png gtFine/val/snow_GOPR0606_000162_gtFine_labelTrainIds.png
leftImg8bit/val/snow_GOPR0606_000182_leftImg8bit.png gtFine/val/snow_GOPR0606_000182_gtFine_labelTrainIds.png
leftImg8bit/val/snow_GOPR0606_000196_leftImg8bit.png gtFine/val/snow_GOPR0606_000196_gtFine_labelTrainIds.png
leftImg8bit/val/snow_GOPR0606_000202_leftImg8bit.png gtFine/val/snow_GOPR0606_000202_gtFine_labelTrainIds.png
leftImg8bit/val/snow_GOPR0606_000213_leftImg8bit.png gtFine/val/snow_GOPR0606_000213_gtFine_labelTrainIds.png
leftImg8bit/val/snow_GOPR0606_000220_leftImg8bit.png gtFine/val/snow_GOPR0606_000220_gtFine_labelTrainIds.png
leftImg8bit/val/snow_GOPR0606_000229_leftImg8bit.png gtFine/val/snow_GOPR0606_000229_gtFine_labelTrainIds.png
leftImg8bit/val/snow_GOPR0606_000238_leftImg8bit.png gtFine/val/snow_GOPR0606_000238_gtFine_labelTrainIds.png
leftImg8bit/val/snow_GOPR0606_000258_leftImg8bit.png gtFine/val/snow_GOPR0606_000258_gtFine_labelTrainIds.png
leftImg8bit/val/snow_GOPR0606_000352_leftImg8bit.png gtFine/val/snow_GOPR0606_000352_gtFine_labelTrainIds.png
leftImg8bit/val/snow_GOPR0606_000357_leftImg8bit.png gtFine/val/snow_GOPR0606_000357_gtFine_labelTrainIds.png
leftImg8bit/val/snow_GOPR0606_000377_leftImg8bit.png gtFine/val/snow_GOPR0606_000377_gtFine_labelTrainIds.png
leftImg8bit/val/snow_GOPR0606_000397_leftImg8bit.png gtFine/val/snow_GOPR0606_000397_gtFine_labelTrainIds.png
leftImg8bit/val/snow_GOPR0607_000360_leftImg8bit.png gtFine/val/snow_GOPR0607_000360_gtFine_labelTrainIds.png
leftImg8bit/val/snow_GOPR0607_000410_leftImg8bit.png gtFine/val/snow_GOPR0607_000410_gtFine_labelTrainIds.png
leftImg8bit/val/snow_GOPR0607_000474_leftImg8bit.png gtFine/val/snow_GOPR0607_000474_gtFine_labelTrainIds.png
leftImg8bit/val/snow_GP010607_000921_leftImg8bit.png gtFine/val/snow_GP010607_000921_gtFine_labelTrainIds.png
leftImg8bit/val/snow_GP010607_000926_leftImg8bit.png gtFine/val/snow_GP010607_000926_gtFine_labelTrainIds.png
leftImg8bit/val/snow_GP010607_000931_leftImg8bit.png gtFine/val/snow_GP010607_000931_gtFine_labelTrainIds.png
leftImg8bit/val/snow_GP010607_000936_leftImg8bit.png gtFine/val/snow_GP010607_000936_gtFine_labelTrainIds.png
leftImg8bit/val/snow_GP010607_000950_leftImg8bit.png gtFine/val/snow_GP010607_000950_gtFine_labelTrainIds.png
leftImg8bit/val/snow_GP010607_000954_leftImg8bit.png gtFine/val/snow_GP010607_000954_gtFine_labelTrainIds.png
leftImg8bit/val/snow_GP010607_000958_leftImg8bit.png gtFine/val/snow_GP010607_000958_gtFine_labelTrainIds.png
leftImg8bit/val/snow_GP010607_000968_leftImg8bit.png gtFine/val/snow_GP010607_000968_gtFine_labelTrainIds.png
leftImg8bit/val/snow_GP010607_000995_leftImg8bit.png gtFine/val/snow_GP010607_000995_gtFine_labelTrainIds.png
leftImg8bit/val/snow_GP020607_000001_leftImg8bit.png gtFine/val/snow_GP020607_000001_gtFine_labelTrainIds.png
leftImg8bit/val/snow_GP020607_000149_leftImg8bit.png gtFine/val/snow_GP020607_000149_gtFine_labelTrainIds.png
leftImg8bit/val/snow_GP020607_000162_leftImg8bit.png gtFine/val/snow_GP020607_000162_gtFine_labelTrainIds.png
leftImg8bit/val/snow_GP020607_000201_leftImg8bit.png gtFine/val/snow_GP020607_000201_gtFine_labelTrainIds.png
leftImg8bit/val/snow_GP020607_000226_leftImg8bit.png gtFine/val/snow_GP020607_000226_gtFine_labelTrainIds.png
leftImg8bit/val/snow_GP030176_000529_leftImg8bit.png gtFine/val/snow_GP030176_000529_gtFine_labelTrainIds.png
leftImg8bit/val/snow_GP030176_000549_leftImg8bit.png gtFine/val/snow_GP030176_000549_gtFine_labelTrainIds.png
leftImg8bit/val/snow_GP030176_000569_leftImg8bit.png gtFine/val/snow_GP030176_000569_gtFine_labelTrainIds.png
leftImg8bit/val/snow_GP030176_000589_leftImg8bit.png gtFine/val/snow_GP030176_000589_gtFine_labelTrainIds.png
leftImg8bit/val/snow_GP030176_000609_leftImg8bit.png gtFine/val/snow_GP030176_000609_gtFine_labelTrainIds.png
leftImg8bit/val/snow_GP030176_000629_leftImg8bit.png gtFine/val/snow_GP030176_000629_gtFine_labelTrainIds.png
leftImg8bit/val/snow_GP030176_000649_leftImg8bit.png gtFine/val/snow_GP030176_000649_gtFine_labelTrainIds.png
leftImg8bit/val/snow_GP030176_000706_leftImg8bit.png gtFine/val/snow_GP030176_000706_gtFine_labelTrainIds.png
leftImg8bit/val/snow_GP030176_000721_leftImg8bit.png gtFine/val/snow_GP030176_000721_gtFine_labelTrainIds.png
leftImg8bit/val/snow_GP030176_000736_leftImg8bit.png gtFine/val/snow_GP030176_000736_gtFine_labelTrainIds.png
